2026-07-28 15:58:35 [INFO] [587038] [587038] [kernel_parser_worker.cpp:42] Start run KernelParserWorker
2026-07-28 15:58:35 [INFO] [587038] [587039] [kernel_parser_worker.cpp:54] Start parse hash data
2026-07-28 15:58:35 [INFO] [587038] [587040] [kernel_parser_worker.cpp:58] Start parse type info data
2026-07-28 15:58:35 [INFO] [587038] [587039] [kernel_parser_worker.cpp:74] Hash data load from path: /data/liuke/swiglu-fusion-20260728/baseline/profiler-prefill/swiglu-unfused-prefill_586685_20260728155834738_ascend_pt/PROF_000001_20260728155834740_AGJFBAMDEIQNJMQB/host/data
2026-07-28 15:58:35 [INFO] [587038] [587040] [kernel_parser_worker.cpp:97] Typeinfo data load from path: /data/liuke/swiglu-fusion-20260728/baseline/profiler-prefill/swiglu-unfused-prefill_586685_20260728155834738_ascend_pt/PROF_000001_20260728155834740_AGJFBAMDEIQNJMQB/host/data
2026-07-28 15:58:35 [INFO] [587038] [587039] [kernel_parser_worker.cpp:76] Start load runtime op info data
2026-07-28 15:58:35 [INFO] [587038] [587039] [kernel_parser_worker.cpp:79] success get hash data
2026-07-28 15:58:35 [INFO] [587038] [587039] [kernel_parser_worker.cpp:86] success get hashDbDumper
2026-07-28 15:58:35 [INFO] [587038] [587039] [db_runner.cpp:49] Start create GeHashInfo
2026-07-28 15:58:35 [INFO] [587038] [587039] [db_runner.cpp:62] create GeHashInfo success
2026-07-28 15:58:35 [INFO] [587038] [587040] [db_runner.cpp:49] Start create TypeHashInfo
2026-07-28 15:58:35 [INFO] [587038] [587039] [db_runner.h:57] Start insert data to GeHashInfo
2026-07-28 15:58:35 [INFO] [587038] [587039] [db_runner.h:68] insert data to GeHashInfo success
2026-07-28 15:58:35 [INFO] [587038] [587039] [base_dumper.h:52] Dump GeHashInfo data success
2026-07-28 15:58:35 [INFO] [587038] [587040] [db_runner.cpp:62] create TypeHashInfo success
2026-07-28 15:58:35 [INFO] [587038] [587040] [db_runner.h:57] Start insert data to TypeHashInfo
2026-07-28 15:58:35 [INFO] [587038] [587040] [db_runner.h:68] insert data to TypeHashInfo success
2026-07-28 15:58:35 [INFO] [587038] [587040] [base_dumper.h:52] Dump TypeHashInfo data success
2026-07-28 15:58:35 [INFO] [587038] [587038] [time_logger.h:28] HostTraceWorker start
2026-07-28 15:58:35 [INFO] [587038] [587038] [time_logger.h:28] Group all events start
2026-07-28 15:58:35 [INFO] [587038] [587043] [time_logger.h:28] Group Kernel start
2026-07-28 15:58:35 [INFO] [587038] [587044] [time_logger.h:28] Group GraphIdMap start
2026-07-28 15:58:35 [INFO] [587038] [587042] [time_logger.h:28] Group FusionOpInfo start
2026-07-28 15:58:35 [INFO] [587038] [587049] [time_logger.h:28] Group NodeBasicInfo start
2026-07-28 15:58:35 [INFO] [587038] [587047] [time_logger.h:28] Group NodeAttrInfo start
2026-07-28 15:58:35 [INFO] [587038] [587044] [time_logger.h:35] Group GraphIdMap end, cost time = 0 ms
2026-07-28 15:58:35 [INFO] [587038] [587042] [time_logger.h:35] Group FusionOpInfo end, cost time = 0 ms
2026-07-28 15:58:35 [INFO] [587038] [587042] [time_logger.h:28] Group HcclInfo start
2026-07-28 15:58:35 [INFO] [587038] [587045] [time_logger.h:28] Group TensorInfo start
2026-07-28 15:58:35 [INFO] [587038] [587048] [time_logger.h:28] Group ContextId start
2026-07-28 07:58:35 [INFO] [587038] [587044] [time_logger.h:28] Group HcclOpInfo start
2026-07-28 15:58:35 [INFO] [587038] [587046] [time_logger.h:28] Group TaskTrack start
2026-07-28 15:58:35 [INFO] [587038] [587042] [time_logger.h:35] Group HcclInfo end, cost time = 0 ms
2026-07-28 07:58:35 [INFO] [587038] [587047] [time_logger.h:35] Group NodeAttrInfo end, cost time = 0 ms
2026-07-28 15:58:35 [INFO] [587038] [587044] [time_logger.h:35] Group HcclOpInfo end, cost time = 0 ms
2026-07-28 15:58:35 [INFO] [587038] [587049] [time_logger.h:35] Group NodeBasicInfo end, cost time = 0 ms
2026-07-28 15:58:35 [INFO] [587038] [587048] [time_logger.h:35] Group ContextId end, cost time = 0 ms
2026-07-28 15:58:35 [INFO] [587038] [587043] [time_logger.h:35] Group Kernel end, cost time = 0 ms
2026-07-28 15:58:35 [INFO] [587038] [587045] [time_logger.h:35] Group TensorInfo end, cost time = 0 ms
2026-07-28 15:58:35 [INFO] [587038] [587046] [time_logger.h:35] Group TaskTrack end, cost time = 0 ms
2026-07-28 15:58:35 [INFO] [587038] [587038] [event_grouper.cpp:122] After group events, Kernel: 109, GraphId: 0, FusionOp: 0, NodeBasic: 0, NodeAttr: 0, Tensor: 0, ContextId: 0, HcclInfo: 0, TaskTrack: 2, HcclOpInfo: 0, thread: 586685
2026-07-28 15:58:35 [INFO] [587038] [587038] [event_grouper.cpp:122] After group events, Kernel: 72, GraphId: 0, FusionOp: 0, NodeBasic: 36, NodeAttr: 0, Tensor: 36, ContextId: 0, HcclInfo: 0, TaskTrack: 36, HcclOpInfo: 0, thread: 586957
2026-07-28 15:58:35 [INFO] [587038] [587038] [time_logger.h:35] Group all events end, cost time = 1 ms
2026-07-28 15:58:35 [INFO] [587038] [587051] [time_logger.h:28] Dump api data start start
2026-07-28 15:58:35 [INFO] [587038] [587050] [time_logger.h:28] Dump flip tasks data start start
2026-07-28 15:58:35 [INFO] [587038] [587052] [time_logger.h:28] Dump model name data start start
2026-07-28 15:58:35 [INFO] [587038] [587059] [time_logger.h:28] Multi thread build tree start
2026-07-28 15:58:35 [WARN] [587038] [587050] [base_dumper.h:38] Input data is empty, pass dump
2026-07-28 15:58:35 [INFO] [587038] [587051] [db_runner.cpp:49] Start create ApiData
2026-07-28 15:58:35 [INFO] [587038] [587050] [time_logger.h:35] Dump flip tasks data start end, cost time = 0 ms
2026-07-28 15:58:35 [WARN] [587038] [587052] [base_dumper.h:38] Input data is empty, pass dump
2026-07-28 15:58:35 [INFO] [587038] [587052] [time_logger.h:35] Dump model name data start end, cost time = 0 ms
2026-07-28 15:58:35 [INFO] [587038] [587051] [db_runner.cpp:62] create ApiData success
2026-07-28 15:58:35 [INFO] [587038] [587060] [host_trace_worker.cpp:66] Start multi thread build tree, threadId = 586685
2026-07-28 15:58:35 [INFO] [587038] [587069] [host_trace_worker.cpp:66] Start multi thread build tree, threadId = 586957
2026-07-28 15:58:35 [INFO] [587038] [587069] [event_queue.cpp:70] EventQueue for thread 586957 is empty
2026-07-28 15:58:35 [INFO] [587038] [587060] [event_queue.cpp:70] EventQueue for thread 586685 is empty
2026-07-28 15:58:35 [INFO] [587038] [587069] [event_queue.cpp:70] EventQueue for thread 586957 is empty
2026-07-28 15:58:35 [INFO] [587038] [587051] [db_runner.h:57] Start insert data to ApiData
2026-07-28 15:58:35 [INFO] [587038] [587060] [event_queue.cpp:70] EventQueue for thread 586685 is empty
2026-07-28 15:58:35 [INFO] [587038] [587069] [event_queue.cpp:70] EventQueue for thread 586957 is empty
2026-07-28 15:58:35 [WARN] [587038] [587070] [tree_builder.cpp:188] No Events, event type: 8, threadId = 586685
2026-07-28 15:58:35 [WARN] [587038] [587071] [tree_builder.cpp:188] No Events, event type: 8, threadId = 586957
2026-07-28 15:58:35 [WARN] [587038] [587074] [tree_builder.cpp:188] No Events, event type: 2, threadId = 586685
2026-07-28 15:58:35 [INFO] [587038] [587073] [tree_builder.cpp:230] Add LevelEvents done, threadId = 586957, event type: 2, matchCnt = 36, mismatchCnt = 0 
2026-07-28 15:58:35 [WARN] [587038] [587074] [tree_builder.cpp:188] No Events, event type: 3, threadId = 586685
2026-07-28 15:58:35 [WARN] [587038] [587073] [tree_builder.cpp:188] No Events, event type: 3, threadId = 586957
2026-07-28 15:58:35 [WARN] [587038] [587074] [tree_builder.cpp:188] No Events, event type: 4, threadId = 586685
2026-07-28 15:58:35 [WARN] [587038] [587074] [tree_builder.cpp:188] No Events, event type: 6, threadId = 586685
2026-07-28 15:58:35 [WARN] [587038] [587074] [tree_builder.cpp:188] No Events, event type: 10, threadId = 586685
2026-07-28 15:58:35 [INFO] [587038] [587073] [tree_builder.cpp:230] Add LevelEvents done, threadId = 586957, event type: 4, matchCnt = 36, mismatchCnt = 0 
2026-07-28 15:58:35 [WARN] [587038] [587072] [tree_builder.cpp:188] No Events, event type: 6, threadId = 586685
2026-07-28 15:58:35 [WARN] [587038] [587075] [tree_builder.cpp:188] No Events, event type: 6, threadId = 586957
2026-07-28 15:58:35 [WARN] [587038] [587073] [tree_builder.cpp:188] No Events, event type: 6, threadId = 586957
2026-07-28 15:58:35 [WARN] [587038] [587075] [tree_builder.cpp:188] No Events, event type: 5, threadId = 586957
2026-07-28 15:58:35 [WARN] [587038] [587072] [tree_builder.cpp:188] No Events, event type: 5, threadId = 586685
2026-07-28 15:58:35 [WARN] [587038] [587073] [tree_builder.cpp:188] No Events, event type: 10, threadId = 586957
2026-07-28 15:58:35 [INFO] [587038] [587060] [tree_builder.cpp:69] Build Tree End, ThreadId = 586685
2026-07-28 15:58:35 [INFO] [587038] [587060] [host_trace_worker.cpp:76] Multi thread build tree done, threadId = 586685
2026-07-28 15:58:35 [INFO] [587038] [587069] [tree_builder.cpp:69] Build Tree End, ThreadId = 586957
2026-07-28 15:58:35 [INFO] [587038] [587069] [host_trace_worker.cpp:76] Multi thread build tree done, threadId = 586957
2026-07-28 15:58:35 [INFO] [587038] [587059] [time_logger.h:35] Multi thread build tree end, cost time = 1 ms
2026-07-28 15:58:35 [INFO] [587038] [587059] [time_logger.h:28] Multi thread analyze tree and dump data start
2026-07-28 15:58:35 [INFO] [587038] [587051] [db_runner.h:68] insert data to ApiData success
2026-07-28 15:58:35 [INFO] [587038] [587051] [base_dumper.h:52] Dump ApiData data success
2026-07-28 15:58:35 [INFO] [587038] [587051] [time_logger.h:35] Dump api data start end, cost time = 1 ms
2026-07-28 15:58:35 [INFO] [587038] [587077] [host_trace_worker.cpp:92] Start analyze tree and dump data, threadId = 586685
2026-07-28 15:58:35 [INFO] [587038] [587076] [host_trace_worker.cpp:92] Start analyze tree and dump data, threadId = 586957
2026-07-28 15:58:35 [INFO] [587038] [587077] [time_logger.h:28] Dump CANN data start
2026-07-28 15:58:35 [INFO] [587038] [587076] [time_logger.h:28] Dump CANN data start
2026-07-28 15:58:35 [INFO] [587038] [587086] [cann_trace_db_dumper.cpp:442] Empty geFusionOps
2026-07-28 15:58:35 [INFO] [587038] [587088] [time_logger.h:28] Dump host tasks start
2026-07-28 07:58:35 [INFO] [587038] [587087] [cann_trace_db_dumper.cpp:212] Empty kernel tasks
2026-07-28 15:58:35 [INFO] [587038] [587088] [db_runner.cpp:49] Start create HostTask
2026-07-28 15:58:35 [INFO] [587038] [587089] [cann_trace_db_dumper.cpp:144] Empty hccl OPs
2026-07-28 15:58:35 [INFO] [587038] [587089] [cann_trace_db_dumper.cpp:389] Empty hccl tasks
2026-07-28 15:58:35 [INFO] [587038] [587093] [cann_trace_db_dumper.cpp:144] Empty hccl OPs
2026-07-28 15:58:35 [INFO] [587038] [587093] [cann_trace_db_dumper.cpp:389] Empty hccl tasks
2026-07-28 15:58:35 [INFO] [587038] [587093] [time_logger.h:28] Dump host tasks start
2026-07-28 15:58:35 [INFO] [587038] [587092] [cann_trace_db_dumper.cpp:442] Empty geFusionOps
2026-07-28 15:58:35 [INFO] [587038] [587090] [time_logger.h:28] DumpOpDesc Start start
2026-07-28 15:58:35 [INFO] [587038] [587093] [db_runner.cpp:49] Start create HostTask
2026-07-28 15:58:35 [INFO] [587038] [587090] [db_runner.cpp:49] Start create TaskInfo
2026-07-28 15:58:35 [INFO] [587038] [587088] [db_runner.cpp:62] create HostTask success
2026-07-28 15:58:35 [INFO] [587038] [587088] [db_runner.h:57] Start insert data to HostTask
2026-07-28 15:58:35 [INFO] [587038] [587090] [db_runner.cpp:62] create TaskInfo success
2026-07-28 15:58:35 [INFO] [587038] [587088] [db_runner.h:68] insert data to HostTask success
2026-07-28 15:58:35 [INFO] [587038] [587088] [time_logger.h:35] Dump host tasks end, cost time = 1 ms
2026-07-28 15:58:35 [INFO] [587038] [587077] [time_logger.h:35] Dump CANN data end, cost time = 2 ms
2026-07-28 15:58:35 [INFO] [587038] [587077] [host_trace_worker.cpp:100] Dump cann trace data done, threadId = 586685
2026-07-28 15:58:35 [INFO] [587038] [587093] [db_runner.cpp:62] create HostTask success
2026-07-28 15:58:35 [INFO] [587038] [587093] [db_runner.h:57] Start insert data to HostTask
2026-07-28 15:58:35 [INFO] [587038] [587090] [db_runner.h:57] Start insert data to TaskInfo
2026-07-28 15:58:35 [INFO] [587038] [587093] [db_runner.h:68] insert data to HostTask success
2026-07-28 15:58:35 [INFO] [587038] [587093] [time_logger.h:35] Dump host tasks end, cost time = 2 ms
2026-07-28 15:58:35 [INFO] [587038] [587090] [db_runner.h:68] insert data to TaskInfo success
2026-07-28 15:58:35 [INFO] [587038] [587090] [time_logger.h:35] DumpOpDesc Start end, cost time = 2 ms
2026-07-28 15:58:35 [INFO] [587038] [587076] [time_logger.h:35] Dump CANN data end, cost time = 3 ms
2026-07-28 15:58:35 [INFO] [587038] [587076] [host_trace_worker.cpp:100] Dump cann trace data done, threadId = 586957
2026-07-28 15:58:35 [INFO] [587038] [587059] [time_logger.h:35] Multi thread analyze tree and dump data end, cost time = 4 ms
2026-07-28 15:58:35 [INFO] [587038] [587038] [time_logger.h:28] Dump memcpy info data start start
2026-07-28 15:58:35 [WARN] [587038] [587038] [base_dumper.h:38] Input data is empty, pass dump
2026-07-28 15:58:35 [INFO] [587038] [587038] [time_logger.h:35] Dump memcpy info data start end, cost time = 0 ms
2026-07-28 15:58:35 [INFO] [587038] [587038] [time_logger.h:35] HostTraceWorker end, cost time = 8 ms
