[2026-07-28-16:12:22.014] [INFO] [AscendProfiler_ProfilingParser:97] Profiler logger initialized at: /data/liuke/swiglu-fusion-20260728/fused/profiler-prefill/swiglu-fused-prefill_592073_20260728161221439_ascend_pt/logs/profiler_20260728161222_592389_ProfilingParser.log
[2026-07-28-16:12:22.062] [INFO] [AscendProfiler_ProfilingParser:100] TorchOpParser start.
[2026-07-28-16:12:22.063] [INFO] [AscendProfiler_ProfilingParser:82] TaskQueueParser start.
[2026-07-28-16:12:22.101] [INFO] [AscendProfiler_ProfilingParser:162] CANNTimelineParser start.
[2026-07-28-16:12:22.103] [INFO] [AscendProfiler_ProfilingParser:106] TorchOpParser finish.
[2026-07-28-16:12:22.108] [INFO] [AscendProfiler_ProfilingParser:88] TaskQueueParser finish.
[2026-07-28-16:12:22.109] [INFO] [AscendProfiler_ProfilingParser:118] DbPreParser start.
[2026-07-28-16:12:22.147] [INFO] [AscendProfiler_ProfilingParser:62] TreeBuildParser start.
[2026-07-28-16:12:22.161] [INFO] [AscendProfiler_ProfilingParser:129] DbPreParser finish.
[2026-07-28-16:12:22.161] [INFO] [AscendProfiler_ProfilingParser:70] TreeBuildParser finish.
[2026-07-28-16:12:22.162] [INFO] [AscendProfiler_ProfilingParser:62] MemoryPrepareParser start.
[2026-07-28-16:12:22.167] [INFO] [AscendProfiler_ProfilingParser:75] MemoryPrepareParser finish.
[2026-07-28-16:12:23.565] [INFO] [AscendProfiler_ProfilingParser:172] CANNTimelineParser finish.
[2026-07-28-16:12:23.641] [INFO] [AscendProfiler_ProfilingParser:31] RelationParser start.
[2026-07-28-16:12:23.651] [INFO] [AscendProfiler_ProfilingParser:38] RelationParser finish.
[2026-07-28-16:12:24.641] [INFO] [AscendProfiler_ProfilingParser:40] DbParser start.
[2026-07-28-16:12:24.681] [INFO] [AscendProfiler_ProfilingParser:27] BasicDbParser start.
[2026-07-28-16:12:24.689] [INFO] [AscendProfiler_ProfilingParser:40] BasicDbParser finish.
[2026-07-28-16:12:24.689] [INFO] [AscendProfiler_ProfilingParser:27] FwkApiDbParser start.
[2026-07-28-16:12:24.690] [INFO] [AscendProfiler_ProfilingParser:32] FwkApiDbParser get fwk api data finish.
[2026-07-28-16:12:24.690] [INFO] [AscendProfiler_ProfilingParser:34] FwkApiDbParser get api data for db finish.
[2026-07-28-16:12:24.699] [INFO] [AscendProfiler_ProfilingParser:36] FwkApiDbParser save api data to db finish.
[2026-07-28-16:12:24.699] [INFO] [AscendProfiler_ProfilingParser:40] FwkApiDbParser finish.
[2026-07-28-16:12:24.699] [INFO] [AscendProfiler_ProfilingParser:82] MemoryDbParser start.
[2026-07-28-16:12:24.703] [INFO] [AscendProfiler_ProfilingParser:95] MemoryDbParser finish.
[2026-07-28-16:12:24.704] [INFO] [AscendProfiler_ProfilingParser:33] GCRecordDbParser start.
[2026-07-28-16:12:24.704] [INFO] [AscendProfiler_ProfilingParser:41] GCRecordDbParser finish.
[2026-07-28-16:12:24.704] [INFO] [AscendProfiler_ProfilingParser:36] StepInfoDbParser start.
[2026-07-28-16:12:24.707] [INFO] [AscendProfiler_ProfilingParser:43] StepInfoDbParser finish.
[2026-07-28-16:12:24.707] [INFO] [AscendProfiler_ProfilingParser:80] CommunicationDbParser start.
[2026-07-28-16:12:24.708] [INFO] [AscendProfiler_ProfilingParser:88] CommunicationDbParser finish.
[2026-07-28-16:12:24.708] [INFO] [AscendProfiler_ProfilingParser:74] TraceStepTimeDbParser start.
[2026-07-28-16:12:24.711] [INFO] [AscendProfiler_ProfilingParser:83] TraceStepTimeDbParser finish.
[2026-07-28-16:12:24.711] [INFO] [AscendProfiler_ProfilingParser:64] DbParser finish.
[2026-07-28-16:12:25.241] [INFO] [AscendProfiler_ProfilingParser:473] ============================================================
[2026-07-28-16:12:25.241] [INFO] [AscendProfiler_ProfilingParser:474] Task execution completed
[2026-07-28-16:12:25.241] [INFO] [AscendProfiler_ProfilingParser:475] ============================================================
[2026-07-28-16:12:25.241] [INFO] [AscendProfiler_ProfilingParser:478] torch_op                  | PTHREAD         | Succeed    | 0.042s | deps: None
[2026-07-28-16:12:25.241] [INFO] [AscendProfiler_ProfilingParser:478] task_queue                | PTHREAD         | Succeed    | 0.047s | deps: None
[2026-07-28-16:12:25.241] [INFO] [AscendProfiler_ProfilingParser:478] trace_prepare             | SUB_PROCESS     | Succeed    | 0.062s | deps: torch_op, task_queue
[2026-07-28-16:12:25.241] [INFO] [AscendProfiler_ProfilingParser:478] build_tree                | PTHREAD         | Succeed    | 0.016s | deps: torch_op, task_queue
[2026-07-28-16:12:25.241] [INFO] [AscendProfiler_ProfilingParser:478] export                    | SUB_PROCESS     | Succeed    | 2.071s | deps: None
[2026-07-28-16:12:25.241] [INFO] [AscendProfiler_ProfilingParser:478] timeline                  | PTHREAD|NON_BLOCKING | Succeed    | 1.467s | deps: None
[2026-07-28-16:12:25.242] [INFO] [AscendProfiler_ProfilingParser:478] relation                  | PTHREAD         | Succeed    | 0.011s | deps: task_queue, timeline
[2026-07-28-16:12:25.242] [INFO] [AscendProfiler_ProfilingParser:478] memory_prepare            | PTHREAD         | Succeed    | 0.005s | deps: build_tree, task_queue, torch_op
[2026-07-28-16:12:25.242] [INFO] [AscendProfiler_ProfilingParser:478] analyze                   | SUB_PROCESS     | Succeed    | 1.072s | deps: timeline
[2026-07-28-16:12:25.242] [INFO] [AscendProfiler_ProfilingParser:478] operator                  | SUB_PROCESS     | Succeed    | 0.134s | deps: build_tree, timeline, relation, torch_op
[2026-07-28-16:12:25.242] [INFO] [AscendProfiler_ProfilingParser:478] trace                     | SUB_PROCESS     | Succeed    | 0.181s | deps: build_tree, trace_prepare, timeline, task_queue, torch_op
[2026-07-28-16:12:25.242] [INFO] [AscendProfiler_ProfilingParser:478] kernel                    | SUB_PROCESS     | Succeed    | 0.044s | deps: build_tree, export, relation
[2026-07-28-16:12:25.242] [INFO] [AscendProfiler_ProfilingParser:478] step_time                 | SUB_PROCESS     | Succeed    | 0.112s | deps: build_tree, timeline, relation, torch_op
[2026-07-28-16:12:25.242] [INFO] [AscendProfiler_ProfilingParser:478] memory                    | SUB_PROCESS     | Succeed    | 0.065s | deps: export, memory_prepare
[2026-07-28-16:12:25.242] [INFO] [AscendProfiler_ProfilingParser:478] integrate                 | SUB_PROCESS     | Succeed    | 0.101s | deps: export
[2026-07-28-16:12:25.242] [INFO] [AscendProfiler_ProfilingParser:478] communication             | SUB_PROCESS     | Succeed    | 0.045s | deps: build_tree, analyze, relation
[2026-07-28-16:12:25.242] [INFO] [AscendProfiler_ProfilingParser:478] db_prepare                | PTHREAD         | Succeed    | 0.053s | deps: torch_op, task_queue
[2026-07-28-16:12:25.242] [INFO] [AscendProfiler_ProfilingParser:478] torch_db                  | PTHREAD         | Succeed    | 0.072s | deps: export, memory_prepare, build_tree, analyze, db_prepare
