[2026-07-28-15:58:57.997] [INFO] [AscendProfiler_ProfilingParser:97] Profiler logger initialized at: /data/liuke/swiglu-fusion-20260728/baseline/profiler-decode/swiglu-unfused-decode_587266_20260728155857435_ascend_pt/logs/profiler_20260728155857_587581_ProfilingParser.log
[2026-07-28-15:58:58.040] [INFO] [AscendProfiler_ProfilingParser:100] TorchOpParser start.
[2026-07-28-15:58:58.040] [INFO] [AscendProfiler_ProfilingParser:82] TaskQueueParser start.
[2026-07-28-15:58:58.078] [INFO] [AscendProfiler_ProfilingParser:162] CANNTimelineParser start.
[2026-07-28-15:58:58.085] [INFO] [AscendProfiler_ProfilingParser:106] TorchOpParser finish.
[2026-07-28-15:58:58.087] [INFO] [AscendProfiler_ProfilingParser:88] TaskQueueParser finish.
[2026-07-28-15:58:58.088] [INFO] [AscendProfiler_ProfilingParser:62] TreeBuildParser start.
[2026-07-28-15:58:58.125] [INFO] [AscendProfiler_ProfilingParser:118] DbPreParser start.
[2026-07-28-15:58:58.128] [INFO] [AscendProfiler_ProfilingParser:70] TreeBuildParser finish.
[2026-07-28-15:58:58.129] [INFO] [AscendProfiler_ProfilingParser:62] MemoryPrepareParser start.
[2026-07-28-15:58:58.144] [INFO] [AscendProfiler_ProfilingParser:129] DbPreParser finish.
[2026-07-28-15:58:58.150] [INFO] [AscendProfiler_ProfilingParser:75] MemoryPrepareParser finish.
[2026-07-28-15:58:59.548] [INFO] [AscendProfiler_ProfilingParser:172] CANNTimelineParser finish.
[2026-07-28-15:58:59.623] [INFO] [AscendProfiler_ProfilingParser:31] RelationParser start.
[2026-07-28-15:58:59.635] [INFO] [AscendProfiler_ProfilingParser:38] RelationParser finish.
[2026-07-28-15:59:00.766] [INFO] [AscendProfiler_ProfilingParser:40] DbParser start.
[2026-07-28-15:59:00.805] [INFO] [AscendProfiler_ProfilingParser:27] BasicDbParser start.
[2026-07-28-15:59:00.813] [INFO] [AscendProfiler_ProfilingParser:40] BasicDbParser finish.
[2026-07-28-15:59:00.813] [INFO] [AscendProfiler_ProfilingParser:27] FwkApiDbParser start.
[2026-07-28-15:59:00.813] [INFO] [AscendProfiler_ProfilingParser:32] FwkApiDbParser get fwk api data finish.
[2026-07-28-15:59:00.814] [INFO] [AscendProfiler_ProfilingParser:34] FwkApiDbParser get api data for db finish.
[2026-07-28-15:59:00.825] [INFO] [AscendProfiler_ProfilingParser:36] FwkApiDbParser save api data to db finish.
[2026-07-28-15:59:00.825] [INFO] [AscendProfiler_ProfilingParser:40] FwkApiDbParser finish.
[2026-07-28-15:59:00.825] [INFO] [AscendProfiler_ProfilingParser:82] MemoryDbParser start.
[2026-07-28-15:59:00.830] [INFO] [AscendProfiler_ProfilingParser:95] MemoryDbParser finish.
[2026-07-28-15:59:00.831] [INFO] [AscendProfiler_ProfilingParser:33] GCRecordDbParser start.
[2026-07-28-15:59:00.831] [INFO] [AscendProfiler_ProfilingParser:41] GCRecordDbParser finish.
[2026-07-28-15:59:00.831] [INFO] [AscendProfiler_ProfilingParser:36] StepInfoDbParser start.
[2026-07-28-15:59:00.834] [INFO] [AscendProfiler_ProfilingParser:43] StepInfoDbParser finish.
[2026-07-28-15:59:00.835] [INFO] [AscendProfiler_ProfilingParser:80] CommunicationDbParser start.
[2026-07-28-15:59:00.836] [INFO] [AscendProfiler_ProfilingParser:88] CommunicationDbParser finish.
[2026-07-28-15:59:00.836] [INFO] [AscendProfiler_ProfilingParser:74] TraceStepTimeDbParser start.
[2026-07-28-15:59:00.839] [INFO] [AscendProfiler_ProfilingParser:83] TraceStepTimeDbParser finish.
[2026-07-28-15:59:00.839] [INFO] [AscendProfiler_ProfilingParser:64] DbParser finish.
[2026-07-28-15:59:01.354] [INFO] [AscendProfiler_ProfilingParser:473] ============================================================
[2026-07-28-15:59:01.357] [INFO] [AscendProfiler_ProfilingParser:474] Task execution completed
[2026-07-28-15:59:01.358] [INFO] [AscendProfiler_ProfilingParser:475] ============================================================
[2026-07-28-15:59:01.358] [INFO] [AscendProfiler_ProfilingParser:478] torch_op                  | PTHREAD         | Succeed    | 0.048s | deps: None
[2026-07-28-15:59:01.358] [INFO] [AscendProfiler_ProfilingParser:478] task_queue                | PTHREAD         | Succeed    | 0.048s | deps: None
[2026-07-28-15:59:01.358] [INFO] [AscendProfiler_ProfilingParser:478] trace_prepare             | SUB_PROCESS     | Succeed    | 0.063s | deps: torch_op, task_queue
[2026-07-28-15:59:01.358] [INFO] [AscendProfiler_ProfilingParser:478] build_tree                | PTHREAD         | Succeed    | 0.040s | deps: torch_op, task_queue
[2026-07-28-15:59:01.358] [INFO] [AscendProfiler_ProfilingParser:478] export                    | SUB_PROCESS     | Succeed    | 2.078s | deps: None
[2026-07-28-15:59:01.358] [INFO] [AscendProfiler_ProfilingParser:478] timeline                  | PTHREAD|NON_BLOCKING | Succeed    | 1.474s | deps: None
[2026-07-28-15:59:01.358] [INFO] [AscendProfiler_ProfilingParser:478] relation                  | PTHREAD         | Succeed    | 0.014s | deps: task_queue, timeline
[2026-07-28-15:59:01.358] [INFO] [AscendProfiler_ProfilingParser:478] memory_prepare            | PTHREAD         | Succeed    | 0.022s | deps: build_tree, task_queue, torch_op
[2026-07-28-15:59:01.358] [INFO] [AscendProfiler_ProfilingParser:478] analyze                   | SUB_PROCESS     | Succeed    | 1.178s | deps: timeline
[2026-07-28-15:59:01.358] [INFO] [AscendProfiler_ProfilingParser:478] operator                  | SUB_PROCESS     | Succeed    | 0.112s | deps: build_tree, timeline, relation, torch_op
[2026-07-28-15:59:01.359] [INFO] [AscendProfiler_ProfilingParser:478] trace                     | SUB_PROCESS     | Succeed    | 0.072s | deps: build_tree, trace_prepare, timeline, task_queue, torch_op
[2026-07-28-15:59:01.359] [INFO] [AscendProfiler_ProfilingParser:478] kernel                    | SUB_PROCESS     | Succeed    | 0.050s | deps: build_tree, export, relation
[2026-07-28-15:59:01.359] [INFO] [AscendProfiler_ProfilingParser:478] step_time                 | SUB_PROCESS     | Succeed    | 0.128s | deps: build_tree, timeline, relation, torch_op
[2026-07-28-15:59:01.359] [INFO] [AscendProfiler_ProfilingParser:478] memory                    | SUB_PROCESS     | Succeed    | 0.100s | deps: export, memory_prepare
[2026-07-28-15:59:01.359] [INFO] [AscendProfiler_ProfilingParser:478] integrate                 | SUB_PROCESS     | Succeed    | 0.135s | deps: export
[2026-07-28-15:59:01.359] [INFO] [AscendProfiler_ProfilingParser:478] communication             | SUB_PROCESS     | Succeed    | 0.043s | deps: build_tree, analyze, relation
[2026-07-28-15:59:01.359] [INFO] [AscendProfiler_ProfilingParser:478] db_prepare                | PTHREAD         | Succeed    | 0.021s | deps: torch_op, task_queue
[2026-07-28-15:59:01.359] [INFO] [AscendProfiler_ProfilingParser:478] torch_db                  | PTHREAD         | Succeed    | 0.075s | deps: export, memory_prepare, build_tree, analyze, db_prepare
