[2026-07-28-15:58:35.285] [INFO] [AscendProfiler_ProfilingParser:97] Profiler logger initialized at: /data/liuke/swiglu-fusion-20260728/baseline/profiler-prefill/swiglu-unfused-prefill_586685_20260728155834738_ascend_pt/logs/profiler_20260728155835_587000_ProfilingParser.log
[2026-07-28-15:58:35.338] [INFO] [AscendProfiler_ProfilingParser:100] TorchOpParser start.
[2026-07-28-15:58:35.338] [INFO] [AscendProfiler_ProfilingParser:82] TaskQueueParser start.
[2026-07-28-15:58:35.374] [INFO] [AscendProfiler_ProfilingParser:162] CANNTimelineParser start.
[2026-07-28-15:58:35.382] [INFO] [AscendProfiler_ProfilingParser:106] TorchOpParser finish.
[2026-07-28-15:58:35.384] [INFO] [AscendProfiler_ProfilingParser:88] TaskQueueParser finish.
[2026-07-28-15:58:35.386] [INFO] [AscendProfiler_ProfilingParser:62] TreeBuildParser start.
[2026-07-28-15:58:35.386] [INFO] [AscendProfiler_ProfilingParser:118] DbPreParser start.
[2026-07-28-15:58:35.427] [INFO] [AscendProfiler_ProfilingParser:70] TreeBuildParser finish.
[2026-07-28-15:58:35.428] [INFO] [AscendProfiler_ProfilingParser:62] MemoryPrepareParser start.
[2026-07-28-15:58:35.439] [INFO] [AscendProfiler_ProfilingParser:129] DbPreParser finish.
[2026-07-28-15:58:35.446] [INFO] [AscendProfiler_ProfilingParser:75] MemoryPrepareParser finish.
[2026-07-28-15:58:36.844] [INFO] [AscendProfiler_ProfilingParser:172] CANNTimelineParser finish.
[2026-07-28-15:58:36.915] [INFO] [AscendProfiler_ProfilingParser:31] RelationParser start.
[2026-07-28-15:58:36.927] [INFO] [AscendProfiler_ProfilingParser:38] RelationParser finish.
[2026-07-28-15:58:37.954] [INFO] [AscendProfiler_ProfilingParser:40] DbParser start.
[2026-07-28-15:58:37.959] [INFO] [AscendProfiler_ProfilingParser:27] BasicDbParser start.
[2026-07-28-15:58:37.966] [INFO] [AscendProfiler_ProfilingParser:40] BasicDbParser finish.
[2026-07-28-15:58:37.966] [INFO] [AscendProfiler_ProfilingParser:27] FwkApiDbParser start.
[2026-07-28-15:58:37.966] [INFO] [AscendProfiler_ProfilingParser:32] FwkApiDbParser get fwk api data finish.
[2026-07-28-15:58:37.967] [INFO] [AscendProfiler_ProfilingParser:34] FwkApiDbParser get api data for db finish.
[2026-07-28-15:58:37.978] [INFO] [AscendProfiler_ProfilingParser:36] FwkApiDbParser save api data to db finish.
[2026-07-28-15:58:37.978] [INFO] [AscendProfiler_ProfilingParser:40] FwkApiDbParser finish.
[2026-07-28-15:58:37.979] [INFO] [AscendProfiler_ProfilingParser:82] MemoryDbParser start.
[2026-07-28-15:58:37.984] [INFO] [AscendProfiler_ProfilingParser:95] MemoryDbParser finish.
[2026-07-28-15:58:37.984] [INFO] [AscendProfiler_ProfilingParser:33] GCRecordDbParser start.
[2026-07-28-15:58:37.985] [INFO] [AscendProfiler_ProfilingParser:41] GCRecordDbParser finish.
[2026-07-28-15:58:37.985] [INFO] [AscendProfiler_ProfilingParser:36] StepInfoDbParser start.
[2026-07-28-15:58:37.988] [INFO] [AscendProfiler_ProfilingParser:43] StepInfoDbParser finish.
[2026-07-28-15:58:37.988] [INFO] [AscendProfiler_ProfilingParser:80] CommunicationDbParser start.
[2026-07-28-15:58:37.990] [INFO] [AscendProfiler_ProfilingParser:88] CommunicationDbParser finish.
[2026-07-28-15:58:37.990] [INFO] [AscendProfiler_ProfilingParser:74] TraceStepTimeDbParser start.
[2026-07-28-15:58:37.992] [INFO] [AscendProfiler_ProfilingParser:83] TraceStepTimeDbParser finish.
[2026-07-28-15:58:37.993] [INFO] [AscendProfiler_ProfilingParser:64] DbParser finish.
[2026-07-28-15:58:38.506] [INFO] [AscendProfiler_ProfilingParser:473] ============================================================
[2026-07-28-15:58:38.506] [INFO] [AscendProfiler_ProfilingParser:474] Task execution completed
[2026-07-28-15:58:38.507] [INFO] [AscendProfiler_ProfilingParser:475] ============================================================
[2026-07-28-15:58:38.507] [INFO] [AscendProfiler_ProfilingParser:478] torch_op                  | PTHREAD         | Succeed    | 0.047s | deps: None
[2026-07-28-15:58:38.507] [INFO] [AscendProfiler_ProfilingParser:478] task_queue                | PTHREAD         | Succeed    | 0.047s | deps: None
[2026-07-28-15:58:38.507] [INFO] [AscendProfiler_ProfilingParser:478] trace_prepare             | SUB_PROCESS     | Succeed    | 0.063s | deps: torch_op, task_queue
[2026-07-28-15:58:38.507] [INFO] [AscendProfiler_ProfilingParser:478] build_tree                | PTHREAD         | Succeed    | 0.042s | deps: torch_op, task_queue
[2026-07-28-15:58:38.507] [INFO] [AscendProfiler_ProfilingParser:478] export                    | SUB_PROCESS     | Succeed    | 2.070s | deps: None
[2026-07-28-15:58:38.507] [INFO] [AscendProfiler_ProfilingParser:478] timeline                  | PTHREAD|NON_BLOCKING | Succeed    | 1.471s | deps: None
[2026-07-28-15:58:38.507] [INFO] [AscendProfiler_ProfilingParser:478] relation                  | PTHREAD         | Succeed    | 0.014s | deps: task_queue, timeline
[2026-07-28-15:58:38.507] [INFO] [AscendProfiler_ProfilingParser:478] memory_prepare            | PTHREAD         | Succeed    | 0.019s | deps: build_tree, task_queue, torch_op
[2026-07-28-15:58:38.507] [INFO] [AscendProfiler_ProfilingParser:478] analyze                   | SUB_PROCESS     | Succeed    | 1.074s | deps: timeline
[2026-07-28-15:58:38.507] [INFO] [AscendProfiler_ProfilingParser:478] operator                  | SUB_PROCESS     | Succeed    | 0.101s | deps: build_tree, timeline, relation, torch_op
[2026-07-28-15:58:38.507] [INFO] [AscendProfiler_ProfilingParser:478] trace                     | SUB_PROCESS     | Succeed    | 0.172s | deps: build_tree, trace_prepare, timeline, task_queue, torch_op
[2026-07-28-15:58:38.508] [INFO] [AscendProfiler_ProfilingParser:478] kernel                    | SUB_PROCESS     | Succeed    | 0.048s | deps: build_tree, export, relation
[2026-07-28-15:58:38.508] [INFO] [AscendProfiler_ProfilingParser:478] step_time                 | SUB_PROCESS     | Succeed    | 0.124s | deps: build_tree, timeline, relation, torch_op
[2026-07-28-15:58:38.508] [INFO] [AscendProfiler_ProfilingParser:478] memory                    | SUB_PROCESS     | Succeed    | 0.130s | deps: export, memory_prepare
[2026-07-28-15:58:38.508] [INFO] [AscendProfiler_ProfilingParser:478] integrate                 | SUB_PROCESS     | Succeed    | 0.086s | deps: export
[2026-07-28-15:58:38.508] [INFO] [AscendProfiler_ProfilingParser:478] communication             | SUB_PROCESS     | Succeed    | 0.044s | deps: build_tree, analyze, relation
[2026-07-28-15:58:38.508] [INFO] [AscendProfiler_ProfilingParser:478] db_prepare                | PTHREAD         | Succeed    | 0.054s | deps: torch_op, task_queue
[2026-07-28-15:58:38.508] [INFO] [AscendProfiler_ProfilingParser:478] torch_db                  | PTHREAD         | Succeed    | 0.040s | deps: export, memory_prepare, build_tree, analyze, db_prepare
