[2026-07-28-16:12:44.725] [INFO] [AscendProfiler_ProfilingParser:97] Profiler logger initialized at: /data/liuke/swiglu-fusion-20260728/fused/profiler-decode/swiglu-fused-decode_592655_20260728161244164_ascend_pt/logs/profiler_20260728161244_592970_ProfilingParser.log
[2026-07-28-16:12:44.770] [INFO] [AscendProfiler_ProfilingParser:100] TorchOpParser start.
[2026-07-28-16:12:44.771] [INFO] [AscendProfiler_ProfilingParser:82] TaskQueueParser start.
[2026-07-28-16:12:44.814] [INFO] [AscendProfiler_ProfilingParser:162] CANNTimelineParser start.
[2026-07-28-16:12:44.815] [INFO] [AscendProfiler_ProfilingParser:106] TorchOpParser finish.
[2026-07-28-16:12:44.820] [INFO] [AscendProfiler_ProfilingParser:88] TaskQueueParser finish.
[2026-07-28-16:12:44.821] [INFO] [AscendProfiler_ProfilingParser:62] TreeBuildParser start.
[2026-07-28-16:12:44.862] [INFO] [AscendProfiler_ProfilingParser:118] DbPreParser start.
[2026-07-28-16:12:44.864] [INFO] [AscendProfiler_ProfilingParser:70] TreeBuildParser finish.
[2026-07-28-16:12:44.866] [INFO] [AscendProfiler_ProfilingParser:62] MemoryPrepareParser start.
[2026-07-28-16:12:44.879] [INFO] [AscendProfiler_ProfilingParser:129] DbPreParser finish.
[2026-07-28-16:12:44.883] [INFO] [AscendProfiler_ProfilingParser:75] MemoryPrepareParser finish.
[2026-07-28-16:12:46.269] [INFO] [AscendProfiler_ProfilingParser:172] CANNTimelineParser finish.
[2026-07-28-16:12:46.269] [INFO] [AscendProfiler_ProfilingParser:31] RelationParser start.
[2026-07-28-16:12:46.402] [INFO] [AscendProfiler_ProfilingParser:38] RelationParser finish.
[2026-07-28-16:12:47.434] [INFO] [AscendProfiler_ProfilingParser:40] DbParser start.
[2026-07-28-16:12:47.440] [INFO] [AscendProfiler_ProfilingParser:27] BasicDbParser start.
[2026-07-28-16:12:47.446] [INFO] [AscendProfiler_ProfilingParser:40] BasicDbParser finish.
[2026-07-28-16:12:47.447] [INFO] [AscendProfiler_ProfilingParser:27] FwkApiDbParser start.
[2026-07-28-16:12:47.447] [INFO] [AscendProfiler_ProfilingParser:32] FwkApiDbParser get fwk api data finish.
[2026-07-28-16:12:47.447] [INFO] [AscendProfiler_ProfilingParser:34] FwkApiDbParser get api data for db finish.
[2026-07-28-16:12:47.456] [INFO] [AscendProfiler_ProfilingParser:36] FwkApiDbParser save api data to db finish.
[2026-07-28-16:12:47.456] [INFO] [AscendProfiler_ProfilingParser:40] FwkApiDbParser finish.
[2026-07-28-16:12:47.457] [INFO] [AscendProfiler_ProfilingParser:82] MemoryDbParser start.
[2026-07-28-16:12:47.461] [INFO] [AscendProfiler_ProfilingParser:95] MemoryDbParser finish.
[2026-07-28-16:12:47.461] [INFO] [AscendProfiler_ProfilingParser:33] GCRecordDbParser start.
[2026-07-28-16:12:47.462] [INFO] [AscendProfiler_ProfilingParser:41] GCRecordDbParser finish.
[2026-07-28-16:12:47.462] [INFO] [AscendProfiler_ProfilingParser:36] StepInfoDbParser start.
[2026-07-28-16:12:47.465] [INFO] [AscendProfiler_ProfilingParser:43] StepInfoDbParser finish.
[2026-07-28-16:12:47.465] [INFO] [AscendProfiler_ProfilingParser:80] CommunicationDbParser start.
[2026-07-28-16:12:47.466] [INFO] [AscendProfiler_ProfilingParser:88] CommunicationDbParser finish.
[2026-07-28-16:12:47.467] [INFO] [AscendProfiler_ProfilingParser:74] TraceStepTimeDbParser start.
[2026-07-28-16:12:47.469] [INFO] [AscendProfiler_ProfilingParser:83] TraceStepTimeDbParser finish.
[2026-07-28-16:12:47.469] [INFO] [AscendProfiler_ProfilingParser:64] DbParser finish.
[2026-07-28-16:12:48.026] [INFO] [AscendProfiler_ProfilingParser:473] ============================================================
[2026-07-28-16:12:48.027] [INFO] [AscendProfiler_ProfilingParser:474] Task execution completed
[2026-07-28-16:12:48.027] [INFO] [AscendProfiler_ProfilingParser:475] ============================================================
[2026-07-28-16:12:48.027] [INFO] [AscendProfiler_ProfilingParser:478] torch_op                  | PTHREAD         | Succeed    | 0.049s | deps: None
[2026-07-28-16:12:48.027] [INFO] [AscendProfiler_ProfilingParser:478] task_queue                | PTHREAD         | Succeed    | 0.050s | deps: None
[2026-07-28-16:12:48.027] [INFO] [AscendProfiler_ProfilingParser:478] trace_prepare             | SUB_PROCESS     | Succeed    | 0.065s | deps: torch_op, task_queue
[2026-07-28-16:12:48.030] [INFO] [AscendProfiler_ProfilingParser:478] build_tree                | PTHREAD         | Succeed    | 0.045s | deps: torch_op, task_queue
[2026-07-28-16:12:48.030] [INFO] [AscendProfiler_ProfilingParser:478] export                    | SUB_PROCESS     | Succeed    | 2.075s | deps: None
[2026-07-28-16:12:48.030] [INFO] [AscendProfiler_ProfilingParser:478] timeline                  | PTHREAD|NON_BLOCKING | Succeed    | 1.456s | deps: None
[2026-07-28-16:12:48.030] [INFO] [AscendProfiler_ProfilingParser:478] relation                  | PTHREAD         | Succeed    | 0.134s | deps: task_queue, timeline
[2026-07-28-16:12:48.030] [INFO] [AscendProfiler_ProfilingParser:478] memory_prepare            | PTHREAD         | Succeed    | 0.017s | deps: build_tree, task_queue, torch_op
[2026-07-28-16:12:48.031] [INFO] [AscendProfiler_ProfilingParser:478] analyze                   | SUB_PROCESS     | Succeed    | 1.094s | deps: timeline
[2026-07-28-16:12:48.031] [INFO] [AscendProfiler_ProfilingParser:478] operator                  | SUB_PROCESS     | Succeed    | 0.159s | deps: build_tree, timeline, relation, torch_op
[2026-07-28-16:12:48.031] [INFO] [AscendProfiler_ProfilingParser:478] trace                     | SUB_PROCESS     | Succeed    | 0.239s | deps: build_tree, trace_prepare, timeline, task_queue, torch_op
[2026-07-28-16:12:48.031] [INFO] [AscendProfiler_ProfilingParser:478] kernel                    | SUB_PROCESS     | Succeed    | 0.086s | deps: build_tree, export, relation
[2026-07-28-16:12:48.031] [INFO] [AscendProfiler_ProfilingParser:478] step_time                 | SUB_PROCESS     | Succeed    | 0.109s | deps: build_tree, timeline, relation, torch_op
[2026-07-28-16:12:48.031] [INFO] [AscendProfiler_ProfilingParser:478] memory                    | SUB_PROCESS     | Succeed    | 0.211s | deps: export, memory_prepare
[2026-07-28-16:12:48.031] [INFO] [AscendProfiler_ProfilingParser:478] integrate                 | SUB_PROCESS     | Succeed    | 0.141s | deps: export
[2026-07-28-16:12:48.031] [INFO] [AscendProfiler_ProfilingParser:478] communication             | SUB_PROCESS     | Succeed    | 0.083s | deps: build_tree, analyze, relation
[2026-07-28-16:12:48.031] [INFO] [AscendProfiler_ProfilingParser:478] db_prepare                | PTHREAD         | Succeed    | 0.018s | deps: torch_op, task_queue
[2026-07-28-16:12:48.031] [INFO] [AscendProfiler_ProfilingParser:478] torch_db                  | PTHREAD         | Succeed    | 0.037s | deps: export, memory_prepare, build_tree, analyze, db_prepare
