2026-07-28 16:12:45 [INFO] [593008] [593008] [kernel_parser_worker.cpp:42] Start run KernelParserWorker
2026-07-28 16:12:45 [INFO] [593008] [593009] [kernel_parser_worker.cpp:54] Start parse hash data
2026-07-28 16:12:45 [INFO] [593008] [593009] [kernel_parser_worker.cpp:74] Hash data load from path: /data/liuke/swiglu-fusion-20260728/fused/profiler-decode/swiglu-fused-decode_592655_20260728161244164_ascend_pt/PROF_000001_20260728161244165_OHHANPLFEIEDPRHB/host/data
2026-07-28 16:12:45 [INFO] [593008] [593010] [kernel_parser_worker.cpp:58] Start parse type info data
2026-07-28 16:12:45 [INFO] [593008] [593009] [kernel_parser_worker.cpp:76] Start load runtime op info data
2026-07-28 16:12:45 [INFO] [593008] [593010] [kernel_parser_worker.cpp:97] Typeinfo data load from path: /data/liuke/swiglu-fusion-20260728/fused/profiler-decode/swiglu-fused-decode_592655_20260728161244164_ascend_pt/PROF_000001_20260728161244165_OHHANPLFEIEDPRHB/host/data
2026-07-28 16:12:45 [INFO] [593008] [593009] [kernel_parser_worker.cpp:79] success get hash data
2026-07-28 16:12:45 [INFO] [593008] [593009] [kernel_parser_worker.cpp:86] success get hashDbDumper
2026-07-28 16:12:45 [INFO] [593008] [593009] [db_runner.cpp:49] Start create GeHashInfo
2026-07-28 16:12:45 [INFO] [593008] [593009] [db_runner.cpp:62] create GeHashInfo success
2026-07-28 16:12:45 [INFO] [593008] [593009] [db_runner.h:57] Start insert data to GeHashInfo
2026-07-28 16:12:45 [INFO] [593008] [593010] [db_runner.cpp:49] Start create TypeHashInfo
2026-07-28 16:12:45 [INFO] [593008] [593009] [db_runner.h:68] insert data to GeHashInfo success
2026-07-28 16:12:45 [INFO] [593008] [593009] [base_dumper.h:52] Dump GeHashInfo data success
2026-07-28 16:12:45 [INFO] [593008] [593010] [db_runner.cpp:62] create TypeHashInfo success
2026-07-28 16:12:45 [INFO] [593008] [593010] [db_runner.h:57] Start insert data to TypeHashInfo
2026-07-28 16:12:45 [INFO] [593008] [593010] [db_runner.h:68] insert data to TypeHashInfo success
2026-07-28 16:12:45 [INFO] [593008] [593010] [base_dumper.h:52] Dump TypeHashInfo data success
2026-07-28 16:12:45 [INFO] [593008] [593008] [time_logger.h:28] HostTraceWorker start
2026-07-28 16:12:45 [INFO] [593008] [593008] [time_logger.h:28] Group all events start
2026-07-28 16:12:45 [INFO] [593008] [593019] [time_logger.h:28] Group Kernel start
2026-07-28 16:12:45 [INFO] [593008] [593012] [time_logger.h:28] Group GraphIdMap start
2026-07-28 16:12:45 [INFO] [593008] [593015] [time_logger.h:28] Group FusionOpInfo start
2026-07-28 16:12:45 [INFO] [593008] [593013] [time_logger.h:28] Group NodeBasicInfo start
2026-07-28 16:12:45 [INFO] [593008] [593014] [time_logger.h:28] Group NodeAttrInfo start
2026-07-28 16:12:45 [INFO] [593008] [593017] [time_logger.h:28] Group TensorInfo start
2026-07-28 16:12:45 [INFO] [593008] [593018] [time_logger.h:28] Group ContextId start
2026-07-28 16:12:45 [INFO] [593008] [593016] [time_logger.h:28] Group HcclInfo start
2026-07-28 16:12:45 [INFO] [593008] [593012] [time_logger.h:35] Group GraphIdMap end, cost time = 0 ms
2026-07-28 16:12:45 [INFO] [593008] [593015] [time_logger.h:35] Group FusionOpInfo end, cost time = 0 ms
2026-07-28 16:12:45 [INFO] [593008] [593012] [time_logger.h:28] Group TaskTrack start
2026-07-28 16:12:45 [INFO] [593008] [593014] [time_logger.h:35] Group NodeAttrInfo end, cost time = 0 ms
2026-07-28 16:12:45 [INFO] [593008] [593015] [time_logger.h:28] Group HcclOpInfo start
2026-07-28 16:12:45 [INFO] [593008] [593013] [time_logger.h:35] Group NodeBasicInfo end, cost time = 0 ms
2026-07-28 16:12:45 [INFO] [593008] [593018] [time_logger.h:35] Group ContextId end, cost time = 0 ms
2026-07-28 16:12:45 [INFO] [593008] [593019] [time_logger.h:35] Group Kernel end, cost time = 0 ms
2026-07-28 16:12:45 [INFO] [593008] [593016] [time_logger.h:35] Group HcclInfo end, cost time = 0 ms
2026-07-28 16:12:45 [INFO] [593008] [593015] [time_logger.h:35] Group HcclOpInfo end, cost time = 0 ms
2026-07-28 16:12:45 [INFO] [593008] [593017] [time_logger.h:35] Group TensorInfo end, cost time = 0 ms
2026-07-28 16:12:45 [INFO] [593008] [593012] [time_logger.h:35] Group TaskTrack end, cost time = 0 ms
2026-07-28 16:12:45 [INFO] [593008] [593008] [event_grouper.cpp:122] After group events, Kernel: 43, GraphId: 0, FusionOp: 0, NodeBasic: 0, NodeAttr: 0, Tensor: 0, ContextId: 0, HcclInfo: 0, TaskTrack: 2, HcclOpInfo: 0, thread: 592655
2026-07-28 16:12:45 [INFO] [593008] [593008] [event_grouper.cpp:122] After group events, Kernel: 12, GraphId: 0, FusionOp: 0, NodeBasic: 6, NodeAttr: 0, Tensor: 6, ContextId: 0, HcclInfo: 0, TaskTrack: 6, HcclOpInfo: 0, thread: 592927
2026-07-28 16:12:45 [INFO] [593008] [593008] [time_logger.h:35] Group all events end, cost time = 1 ms
2026-07-28 16:12:45 [INFO] [593008] [593029] [time_logger.h:28] Dump api data start start
2026-07-28 16:12:45 [INFO] [593008] [593022] [time_logger.h:28] Dump flip tasks data start start
2026-07-28 16:12:45 [INFO] [593008] [593021] [time_logger.h:28] Dump model name data start start
2026-07-28 16:12:45 [WARN] [593008] [593022] [base_dumper.h:38] Input data is empty, pass dump
2026-07-28 16:12:45 [INFO] [593008] [593029] [db_runner.cpp:49] Start create ApiData
2026-07-28 16:12:45 [INFO] [593008] [593022] [time_logger.h:35] Dump flip tasks data start end, cost time = 0 ms
2026-07-28 16:12:45 [INFO] [593008] [593020] [time_logger.h:28] Multi thread build tree start
2026-07-28 16:12:45 [WARN] [593008] [593021] [base_dumper.h:38] Input data is empty, pass dump
2026-07-28 16:12:45 [INFO] [593008] [593021] [time_logger.h:35] Dump model name data start end, cost time = 0 ms
2026-07-28 16:12:45 [INFO] [593008] [593029] [db_runner.cpp:62] create ApiData success
2026-07-28 16:12:45 [INFO] [593008] [593029] [db_runner.h:57] Start insert data to ApiData
2026-07-28 16:12:45 [INFO] [593008] [593030] [host_trace_worker.cpp:66] Start multi thread build tree, threadId = 592655
2026-07-28 16:12:45 [INFO] [593008] [593031] [host_trace_worker.cpp:66] Start multi thread build tree, threadId = 592927
2026-07-28 16:12:45 [INFO] [593008] [593031] [event_queue.cpp:70] EventQueue for thread 592927 is empty
2026-07-28 16:12:45 [INFO] [593008] [593030] [event_queue.cpp:70] EventQueue for thread 592655 is empty
2026-07-28 16:12:45 [INFO] [593008] [593031] [event_queue.cpp:70] EventQueue for thread 592927 is empty
2026-07-28 16:12:45 [INFO] [593008] [593030] [event_queue.cpp:70] EventQueue for thread 592655 is empty
2026-07-28 16:12:45 [INFO] [593008] [593031] [event_queue.cpp:70] EventQueue for thread 592927 is empty
2026-07-28 16:12:45 [WARN] [593008] [593040] [tree_builder.cpp:188] No Events, event type: 8, threadId = 592655
2026-07-28 16:12:45 [WARN] [593008] [593044] [tree_builder.cpp:188] No Events, event type: 2, threadId = 592655
2026-07-28 16:12:45 [WARN] [593008] [593042] [tree_builder.cpp:188] No Events, event type: 6, threadId = 592655
2026-07-28 16:12:45 [WARN] [593008] [593044] [tree_builder.cpp:188] No Events, event type: 3, threadId = 592655
2026-07-28 16:12:45 [INFO] [593008] [593041] [tree_builder.cpp:230] Add LevelEvents done, threadId = 592927, event type: 2, matchCnt = 6, mismatchCnt = 0 
2026-07-28 16:12:45 [INFO] [593008] [593029] [db_runner.h:68] insert data to ApiData success
2026-07-28 16:12:45 [WARN] [593008] [593041] [tree_builder.cpp:188] No Events, event type: 3, threadId = 592927
2026-07-28 16:12:45 [WARN] [593008] [593043] [tree_builder.cpp:188] No Events, event type: 8, threadId = 592927
2026-07-28 16:12:45 [WARN] [593008] [593042] [tree_builder.cpp:188] No Events, event type: 5, threadId = 592655
2026-07-28 16:12:45 [WARN] [593008] [593044] [tree_builder.cpp:188] No Events, event type: 4, threadId = 592655
2026-07-28 16:12:45 [WARN] [593008] [593045] [tree_builder.cpp:188] No Events, event type: 6, threadId = 592927
2026-07-28 16:12:45 [INFO] [593008] [593041] [tree_builder.cpp:230] Add LevelEvents done, threadId = 592927, event type: 4, matchCnt = 6, mismatchCnt = 0 
2026-07-28 16:12:45 [WARN] [593008] [593045] [tree_builder.cpp:188] No Events, event type: 5, threadId = 592927
2026-07-28 16:12:45 [WARN] [593008] [593041] [tree_builder.cpp:188] No Events, event type: 6, threadId = 592927
2026-07-28 16:12:45 [WARN] [593008] [593044] [tree_builder.cpp:188] No Events, event type: 6, threadId = 592655
2026-07-28 16:12:45 [INFO] [593008] [593029] [base_dumper.h:52] Dump ApiData data success
2026-07-28 16:12:45 [WARN] [593008] [593044] [tree_builder.cpp:188] No Events, event type: 10, threadId = 592655
2026-07-28 16:12:45 [WARN] [593008] [593041] [tree_builder.cpp:188] No Events, event type: 10, threadId = 592927
2026-07-28 16:12:45 [INFO] [593008] [593029] [time_logger.h:35] Dump api data start end, cost time = 1 ms
2026-07-28 16:12:45 [INFO] [593008] [593030] [tree_builder.cpp:69] Build Tree End, ThreadId = 592655
2026-07-28 16:12:45 [INFO] [593008] [593030] [host_trace_worker.cpp:76] Multi thread build tree done, threadId = 592655
2026-07-28 16:12:45 [INFO] [593008] [593031] [tree_builder.cpp:69] Build Tree End, ThreadId = 592927
2026-07-28 16:12:45 [INFO] [593008] [593031] [host_trace_worker.cpp:76] Multi thread build tree done, threadId = 592927
2026-07-28 16:12:45 [INFO] [593008] [593020] [time_logger.h:35] Multi thread build tree end, cost time = 2 ms
2026-07-28 16:12:45 [INFO] [593008] [593020] [time_logger.h:28] Multi thread analyze tree and dump data start
2026-07-28 16:12:45 [INFO] [593008] [593046] [host_trace_worker.cpp:92] Start analyze tree and dump data, threadId = 592655
2026-07-28 16:12:45 [INFO] [593008] [593047] [host_trace_worker.cpp:92] Start analyze tree and dump data, threadId = 592927
2026-07-28 16:12:45 [INFO] [593008] [593046] [time_logger.h:28] Dump CANN data start
2026-07-28 16:12:45 [INFO] [593008] [593047] [time_logger.h:28] Dump CANN data start
2026-07-28 16:12:45 [INFO] [593008] [593059] [cann_trace_db_dumper.cpp:144] Empty hccl OPs
2026-07-28 16:12:45 [INFO] [593008] [593058] [cann_trace_db_dumper.cpp:212] Empty kernel tasks
2026-07-28 16:12:45 [INFO] [593008] [593061] [cann_trace_db_dumper.cpp:442] Empty geFusionOps
2026-07-28 16:12:45 [INFO] [593008] [593056] [time_logger.h:28] Dump host tasks start
2026-07-28 16:12:45 [INFO] [593008] [593059] [cann_trace_db_dumper.cpp:389] Empty hccl tasks
2026-07-28 16:12:45 [INFO] [593008] [593057] [cann_trace_db_dumper.cpp:144] Empty hccl OPs
2026-07-28 16:12:45 [INFO] [593008] [593063] [time_logger.h:28] Dump host tasks start
2026-07-28 16:12:45 [INFO] [593008] [593056] [db_runner.cpp:49] Start create HostTask
2026-07-28 16:12:45 [INFO] [593008] [593057] [cann_trace_db_dumper.cpp:389] Empty hccl tasks
2026-07-28 16:12:45 [INFO] [593008] [593060] [time_logger.h:28] DumpOpDesc Start start
2026-07-28 16:12:45 [INFO] [593008] [593062] [cann_trace_db_dumper.cpp:442] Empty geFusionOps
2026-07-28 16:12:45 [INFO] [593008] [593060] [db_runner.cpp:49] Start create TaskInfo
2026-07-28 16:12:45 [INFO] [593008] [593063] [db_runner.cpp:49] Start create HostTask
2026-07-28 16:12:45 [INFO] [593008] [593056] [db_runner.cpp:62] create HostTask success
2026-07-28 16:12:45 [INFO] [593008] [593056] [db_runner.h:57] Start insert data to HostTask
2026-07-28 16:12:45 [INFO] [593008] [593060] [db_runner.cpp:62] create TaskInfo success
2026-07-28 16:12:45 [INFO] [593008] [593060] [db_runner.h:57] Start insert data to TaskInfo
2026-07-28 16:12:45 [INFO] [593008] [593056] [db_runner.h:68] insert data to HostTask success
2026-07-28 16:12:45 [INFO] [593008] [593056] [time_logger.h:35] Dump host tasks end, cost time = 1 ms
2026-07-28 16:12:45 [INFO] [593008] [593046] [time_logger.h:35] Dump CANN data end, cost time = 2 ms
2026-07-28 16:12:45 [INFO] [593008] [593046] [host_trace_worker.cpp:100] Dump cann trace data done, threadId = 592655
2026-07-28 16:12:45 [INFO] [593008] [593060] [db_runner.h:68] insert data to TaskInfo success
2026-07-28 16:12:45 [INFO] [593008] [593060] [time_logger.h:35] DumpOpDesc Start end, cost time = 2 ms
2026-07-28 16:12:45 [INFO] [593008] [593063] [db_runner.cpp:62] create HostTask success
2026-07-28 16:12:45 [INFO] [593008] [593063] [db_runner.h:57] Start insert data to HostTask
2026-07-28 16:12:45 [INFO] [593008] [593063] [db_runner.h:68] insert data to HostTask success
2026-07-28 16:12:45 [INFO] [593008] [593063] [time_logger.h:35] Dump host tasks end, cost time = 2 ms
2026-07-28 16:12:45 [INFO] [593008] [593047] [time_logger.h:35] Dump CANN data end, cost time = 3 ms
2026-07-28 16:12:45 [INFO] [593008] [593047] [host_trace_worker.cpp:100] Dump cann trace data done, threadId = 592927
2026-07-28 16:12:45 [INFO] [593008] [593020] [time_logger.h:35] Multi thread analyze tree and dump data end, cost time = 3 ms
2026-07-28 16:12:45 [INFO] [593008] [593008] [time_logger.h:28] Dump memcpy info data start start
2026-07-28 16:12:45 [WARN] [593008] [593008] [base_dumper.h:38] Input data is empty, pass dump
2026-07-28 16:12:45 [INFO] [593008] [593008] [time_logger.h:35] Dump memcpy info data start end, cost time = 0 ms
2026-07-28 16:12:45 [INFO] [593008] [593008] [time_logger.h:35] HostTraceWorker end, cost time = 8 ms
